As part of this release we had [10 commits](https://github.com/TestUser/FakeRepository/commits/1.2.3) which resulted in [2 issues](https://github.com/gep13/FakeRepository/issues?q=milestone%3A1.2.3?closed=1) being closed.

__Feature__

- [__#3__](http://example.com/3) Issue 3
